============================= test session starts ==============================
platform linux -- Python 3.14.3, pytest-9.0.2, pluggy-1.6.0 -- /home/julien/Desktop/Free-Wiggum-opencode/venv/bin/python
cachedir: .pytest_cache
rootdir: /home/julien/Desktop/Free-Wiggum-opencode/projects/pmcursor
configfile: pytest.ini
plugins: langsmith-0.7.16, anyio-4.12.1, asyncio-1.3.0, cov-7.0.0, dash-4.0.0
asyncio: mode=Mode.AUTO, debug=False, asyncio_default_fixture_loop_scope=None, asyncio_default_test_loop_scope=function
collecting ... collected 61 items

tests/integration/test_api.py::TestHealthEndpoint::test_health_check PASSED [  1%]
tests/integration/test_api.py::TestProjectsAPI::test_create_project PASSED [  3%]
tests/integration/test_api.py::TestProjectsAPI::test_list_projects_empty PASSED [  4%]
tests/integration/test_api.py::TestProjectsAPI::test_list_projects_with_data PASSED [  6%]
tests/integration/test_api.py::TestUploadsAPI::test_upload_file_invalid_type PASSED [  8%]
tests/integration/test_api.py::TestUploadsAPI::test_upload_file_valid_txt PASSED [  9%]
tests/integration/test_api.py::TestUploadsAPI::test_upload_file_valid_json PASSED [ 11%]
tests/integration/test_api.py::TestUploadsAPI::test_upload_file_nonexistent_project PASSED [ 13%]
tests/integration/test_api.py::TestUploadsAPI::test_list_uploads PASSED  [ 14%]
tests/integration/test_api.py::TestAnalysisAPI::test_analyze_project_success PASSED [ 16%]
tests/integration/test_api.py::TestAnalysisAPI::test_analyze_project_no_data FAILED [ 18%]
tests/integration/test_api.py::TestAnalysisAPI::test_analyze_nonexistent_project PASSED [ 19%]
tests/integration/test_api.py::TestAnalysisAPI::test_analyze_project_api_error PASSED [ 21%]
tests/integration/test_api.py::TestAnalysisAPI::test_list_analyses PASSED [ 22%]
tests/integration/test_database.py::TestDatabaseModels::test_project_creation PASSED [ 24%]
tests/integration/test_database.py::TestDatabaseModels::test_project_relationships PASSED [ 26%]
tests/integration/test_database.py::TestDatabaseModels::test_upload_creation PASSED [ 27%]
tests/integration/test_database.py::TestDatabaseModels::test_upload_status_enum PASSED [ 29%]
tests/integration/test_database.py::TestDatabaseModels::test_analysis_creation PASSED [ 31%]
tests/integration/test_database.py::TestDatabaseModels::test_feature_proposal_creation PASSED [ 32%]
tests/integration/test_database.py::TestDatabaseModels::test_development_task_creation PASSED [ 34%]
tests/integration/test_database.py::TestDatabaseModels::test_cascade_delete_project PASSED [ 36%]
tests/integration/test_database.py::TestDatabaseModels::test_cascade_delete_feature PASSED [ 37%]
tests/integration/test_database.py::TestDatabaseModels::test_full_feature_chain PASSED [ 39%]
tests/unit/test_data_processor.py::TestDataProcessor::test_extract_from_text PASSED [ 40%]
tests/unit/test_data_processor.py::TestDataProcessor::test_extract_from_markdown PASSED [ 42%]
tests/unit/test_data_processor.py::TestDataProcessor::test_extract_from_pdf PASSED [ 44%]
tests/unit/test_data_processor.py::TestDataProcessor::test_extract_from_csv PASSED [ 45%]
tests/unit/test_data_processor.py::TestDataProcessor::test_extract_from_json PASSED [ 47%]
tests/unit/test_data_processor.py::TestDataProcessor::test_extract_text_unsupported_type PASSED [ 49%]
tests/unit/test_data_processor.py::TestDataProcessor::test_extract_text_txt PASSED [ 50%]
tests/unit/test_data_processor.py::TestDataProcessor::test_extract_text_pdf PASSED [ 52%]
tests/unit/test_data_processor.py::TestDataProcessor::test_extract_text_csv PASSED [ 54%]
tests/unit/test_data_processor.py::TestDataProcessor::test_extract_text_json PASSED [ 55%]
tests/unit/test_data_processor.py::TestDataProcessor::test_process_project_files_empty_dir PASSED [ 57%]
tests/unit/test_data_processor.py::TestDataProcessor::test_process_project_files_multiple PASSED [ 59%]
tests/unit/test_data_processor.py::TestDataProcessor::test_process_project_files_handles_errors PASSED [ 60%]
tests/unit/test_feature_proposer.py::TestFeatureProposer::test_init PASSED [ 62%]
tests/unit/test_feature_proposer.py::TestFeatureProposer::test_generate_proposal_success PASSED [ 63%]
tests/unit/test_feature_proposer.py::TestFeatureProposer::test_generate_proposal_with_markdown_json PASSED [ 65%]
tests/unit/test_feature_proposer.py::TestFeatureProposer::test_generate_proposal_invalid_json PASSED [ 67%]
tests/unit/test_feature_proposer.py::TestFeatureProposer::test_generate_proposal_api_error PASSED [ 68%]
tests/unit/test_feature_proposer.py::TestFeatureProposer::test_generate_proposal_empty_context PASSED [ 70%]
tests/unit/test_feature_proposer.py::TestFeatureProposer::test_generate_proposal_default_query PASSED [ 72%]
tests/unit/test_file_manager.py::TestFileManager::test_init_creates_directories PASSED [ 73%]
tests/unit/test_file_manager.py::TestFileManager::test_save_upload PASSED [ 75%]
tests/unit/test_file_manager.py::TestFileManager::test_get_file_path PASSED [ 77%]
tests/unit/test_file_manager.py::TestFileManager::test_get_file_path_not_found PASSED [ 78%]
tests/unit/test_file_manager.py::TestFileManager::test_delete_project_files PASSED [ 80%]
tests/unit/test_file_manager.py::TestFileManager::test_get_upload_dir PASSED [ 81%]
tests/unit/test_file_manager.py::TestFileManager::test_get_data_dir PASSED [ 83%]
tests/unit/test_helpers.py::TestHelpers::test_is_allowed_file_valid_extensions PASSED [ 85%]
tests/unit/test_helpers.py::TestHelpers::test_is_allowed_file_invalid_extensions PASSED [ 86%]
tests/unit/test_helpers.py::TestHelpers::test_is_allowed_file_no_extension PASSED [ 88%]
tests/unit/test_helpers.py::TestHelpers::test_validate_file_extension PASSED [ 90%]
tests/unit/test_helpers.py::TestHelpers::test_truncate_text_short PASSED [ 91%]
tests/unit/test_helpers.py::TestHelpers::test_truncate_text_long PASSED  [ 93%]
tests/unit/test_helpers.py::TestHelpers::test_truncate_text_exact_length PASSED [ 95%]
tests/unit/test_helpers.py::TestHelpers::test_truncate_text_default_limit PASSED [ 96%]
tests/unit/test_helpers.py::TestHelpers::test_format_output_dict PASSED  [ 98%]
tests/unit/test_helpers.py::TestHelpers::test_format_output_nested PASSED [100%]

=================================== FAILURES ===================================
_________________ TestAnalysisAPI.test_analyze_project_no_data _________________

self = <tests.integration.test_api.TestAnalysisAPI object at 0x7f371476c690>
client = <starlette.testclient.TestClient object at 0x7f371450d9d0>
db = <sqlalchemy.orm.session.Session object at 0x7f371451a4e0>

    def test_analyze_project_no_data(self, client, db):
        """Test analysis with no uploaded data."""
        # Create project without uploads
        response = client.post(
            "/api/projects", params={"name": "No Data Project", "description": "Test"}
        )
        project_id = response.json()["id"]
    
        # Try to analyze without data
        response = client.post(
            f"/api/projects/{project_id}/analyze",
            params={"query": "What should we build?"},
        )
>       assert response.status_code == 200
E       assert 500 == 200
E        +  where 500 = <Response [500 Internal Server Error]>.status_code

tests/integration/test_api.py:269: AssertionError
=========================== short test summary info ============================
FAILED tests/integration/test_api.py::TestAnalysisAPI::test_analyze_project_no_data
================== 1 failed, 60 passed, 79 warnings in 1.61s ===================
